{"logTime": "0324/192535", "correlationVector":"IP4cwLIkSMP7aZV9vgY2we.1","action":"SyncServerConnectionManagerRequest", "result":"SYNC_SERVER_OK", "context":{"environment":"Prod_centralus_prod-s01-068-nam-centralus", "migrationStage":"NotStarted", "server":"akswtt00600001e"}}
{"logTime": "0324/192535", "correlationVector":"IP4cwLIkSMP7aZV9vgY2we.2","action":"ProcessGetUpdates", "result":"Done", "context":{"dataType":"Encryption Keys", "deleted":"0", "process_failed_to_decrypt":"0", "process_pending_decryption":"0", "process_success":"1", "total":"1"}}
{"logTime": "0324/192536", "correlationVector":"HVfxmcfWlkE9nbARWdGGip","action":"SyncServerConnectionManagerRequest", "result":"SYNC_SERVER_OK", "context":{"environment":"", "migrationStage":"", "server":""}}
{"logTime": "0324/192536", "correlationVector":"HVfxmcfWlkE9nbARWdGGip.0","action":"EncryptionKeysFetcher.DownloadKeys:", "result":"Success", "context":Key count: 9, Last key timestamp: 2025-01-22T17:06:07Z}
{"logTime": "0324/192536", "correlationVector":"HVfxmcfWlkE9nbARWdGGip.1","action":"EncryptionKeysManager::SetEncryptionKeys:", "result":"Success", "context":Key names[9]:[Dbe3yvbJ1ko2dkvq87cfI1uPogFlYU9cNiF/W+lAGe7V4yIoO+E7FOEiT1V1BwP8PA9bZI9X1VnUWUJcRMhx1A==][CnnoMnPtVUVAvEQ3jo70YgRsoVlpwUQfa+SNNmO+UJ7UiNoWgX6cJH5JTWNzEHKxw6jEa4XBjQXwb4+Cp6GaCA==][dDgoEDP1mNpb32rmO95quXep2yyYCCpJ8CkxzjMskyUngOlSMEgv3HulzvwHJGmZ+qusIV9IEnmv0wgfqY3lZw==][dEdrWM9arRfkGVZrD+Wu+aAJOeQmV8vyOwCmLN+ov+lqiBJUCSzcGYrP+gvOsZL5fKvaFcsuebEgpvaenkGWaw==][v3PAltu1gqd4jsB+sZvvj5yL8PDMqVDcl7k3HN9675qKyF04CkSyVmTFwrIKyKfYM4pMF582SHMAjiph3f0r5g==][pE5RY7URBBUr5apd6ZE3ETwc49/rLZtabb6aG2BZfcXwPYcUGH77IzUHGM/2ZpGHmFqqom+5H67c8idCq4Kf2Q==][+1v6Il70obE1jVZpTseTPMWWZOhLJTgN7lIVhsI392BZEKp5dVOoFVLAR2YfmxlwCzpuFBl3kz+3kLambVTIOw==][Fl37bW8HvV0Al/C/vyDFM8lWii+rpy8D82W9YggAUEy2LzQ18cAvUfZnX0nxV1hZeenLeUGJBLDFsZ7TipAetA==][BVF+432B4mWbEtA2bemEhbWa+sZ9KgRDvi2lvC0mZa9DwltXgZ95FgG7robtZvebxf77XCV+vh7SfJyK5oFUTw==]}
{"logTime": "0324/192536", "correlationVector":"HVfxmcfWlkE9nbARWdGGip.2","action":"EncryptionKeysManager::SetEncryptionKeysWithTimestamps:", "result":"Success", "context":Key timestamps[9]:[2020-06-23T14:17:19Z][2020-09-21T04:37:15Z][2023-02-14T21:25:48Z][2023-08-21T05:59:20Z][2024-04-01T17:01:15Z][2024-05-08T18:57:47Z][2024-05-17T01:13:26Z][2024-11-14T17:56:34Z][2025-01-22T17:06:07Z]}
{"logTime": "0324/192536", "correlationVector":"IP4cwLIkSMP7aZV9vgY2we","action":"Initial GetUpdates", "result":"", "context":Reason: NEW_CLIENT. cV=IP4cwLIkSMP7aZV9vgY2we}
{"logTime": "0324/192536", "correlationVector":"IP4cwLIkSMP7aZV9vgY2we.3","action":"GetUpdates Response", "result":"Success", "context":Received 1 update(s). cV=IP4cwLIkSMP7aZV9vgY2we.0;server=akswtt00600001e;cloudType=Consumer;environment=Prod_centralus_prod-s01-068-nam-centralus;migrationStage=NotStarted}
{"logTime": "0324/192536", "correlationVector":"l3YZ8y8TuSPYIxcM6PVRIf","action":"Initial GetUpdates", "result":"", "context":Reason: NEWLY_SUPPORTED_DATATYPE. cV=l3YZ8y8TuSPYIxcM6PVRIf}
{"logTime": "0324/192536", "correlationVector":"l3YZ8y8TuSPYIxcM6PVRIf.1","action":"SyncServerConnectionManagerRequest", "result":"SYNC_SERVER_OK", "context":{"environment":"Prod_centralus_prod-s01-068-nam-centralus", "migrationStage":"NotStarted", "server":"akswtt00600003a"}}
{"logTime": "0324/192536", "correlationVector":"l3YZ8y8TuSPYIxcM6PVRIf.2","action":"ProcessGetUpdates", "result":"Done", "context":{"dataType":"Preferences", "deleted":"0", "process_failed_to_decrypt":"0", "process_pending_decryption":"0", "process_success":"70", "total":"70"}}
{"logTime": "0324/192536", "correlationVector":"l3YZ8y8TuSPYIxcM6PVRIf.3","action":"ProcessGetUpdates", "result":"Done", "context":{"dataType":"Passwords", "deleted":"0", "process_failed_to_decrypt":"0", "process_pending_decryption":"0", "process_success":"175", "total":"175"}}
{"logTime": "0324/192536", "correlationVector":"l3YZ8y8TuSPYIxcM6PVRIf.4","action":"ProcessGetUpdates", "result":"Done", "context":{"dataType":"Device Info", "deleted":"0", "process_failed_to_decrypt":"0", "process_pending_decryption":"0", "process_success":"5", "total":"5"}}
{"logTime": "0324/192536", "correlationVector":"l3YZ8y8TuSPYIxcM6PVRIf.5","action":"GetUpdates Response", "result":"Success", "context":Received 250 update(s). cV=l3YZ8y8TuSPYIxcM6PVRIf.0;server=akswtt00600003a;cloudType=Consumer;environment=Prod_centralus_prod-s01-068-nam-centralus;migrationStage=NotStarted Some updates remain.}
{"logTime": "0324/192536", "correlationVector":"/frm6SZz7xer9zrtBBMqxl","action":"Initial GetUpdates", "result":"", "context":Reason: NEWLY_SUPPORTED_DATATYPE. cV=/frm6SZz7xer9zrtBBMqxl}
{"logTime": "0324/192536", "correlationVector":"/frm6SZz7xer9zrtBBMqxl.1","action":"SyncServerConnectionManagerRequest", "result":"SYNC_SERVER_OK", "context":{"environment":"Prod_centralus_prod-s01-068-nam-centralus", "migrationStage":"NotStarted", "server":"akswtt006000036"}}
{"logTime": "0324/192536", "correlationVector":"/frm6SZz7xer9zrtBBMqxl.2","action":"ProcessGetUpdates", "result":"Done", "context":{"dataType":"Passwords", "deleted":"0", "process_failed_to_decrypt":"0", "process_pending_decryption":"0", "process_success":"103", "total":"103"}}
{"logTime": "0324/192536", "correlationVector":"/frm6SZz7xer9zrtBBMqxl.3","action":"ProcessGetUpdates", "result":"Done", "context":{"dataType":"Device Info", "deleted":"0", "process_failed_to_decrypt":"0", "process_pending_decryption":"0", "process_success":"1", "total":"1"}}
{"logTime": "0324/192536", "correlationVector":"/frm6SZz7xer9zrtBBMqxl.4","action":"GetUpdates Response", "result":"Success", "context":Received 104 update(s). cV=/frm6SZz7xer9zrtBBMqxl.0;server=akswtt006000036;cloudType=Consumer;environment=Prod_centralus_prod-s01-068-nam-centralus;migrationStage=NotStarted}
{"logTime": "0324/192536", "correlationVector":"d9lh3L4uEDsg7aO5tHWeNm","action":"Initial GetUpdates", "result":"", "context":Reason: NEWLY_SUPPORTED_DATATYPE. cV=d9lh3L4uEDsg7aO5tHWeNm}
{"logTime": "0324/192536", "correlationVector":"d9lh3L4uEDsg7aO5tHWeNm.1","action":"SyncServerConnectionManagerRequest", "result":"SYNC_SERVER_OK", "context":{"environment":"Prod_centralus_prod-s01-068-nam-centralus", "migrationStage":"NotStarted", "server":"akswtt00600002n"}}
{"logTime": "0324/192536", "correlationVector":"d9lh3L4uEDsg7aO5tHWeNm.2","action":"ProcessGetUpdates", "result":"Done", "context":{"dataType":"Bookmarks", "deleted":"0", "process_failed_to_decrypt":"0", "process_pending_decryption":"0", "process_success":"100", "total":"100"}}
{"logTime": "0324/192536", "correlationVector":"d9lh3L4uEDsg7aO5tHWeNm.3","action":"GetUpdates Response", "result":"Success", "context":Received 100 update(s). cV=d9lh3L4uEDsg7aO5tHWeNm.0;server=akswtt00600002n;cloudType=Consumer;environment=Prod_centralus_prod-s01-068-nam-centralus;migrationStage=NotStarted}
{"logTime": "0324/192536", "correlationVector":"b19x5woEKqptOpmKT64sAi","action":"Initial GetUpdates", "result":"", "context":Reason: NEWLY_SUPPORTED_DATATYPE. cV=b19x5woEKqptOpmKT64sAi}
{"logTime": "0324/192537", "correlationVector":"b19x5woEKqptOpmKT64sAi.1","action":"SyncServerConnectionManagerRequest", "result":"SYNC_SERVER_OK", "context":{"environment":"Prod_centralus_prod-s01-068-nam-centralus", "migrationStage":"NotStarted", "server":"akswtt00600003o"}}
{"logTime": "0324/192537", "correlationVector":"b19x5woEKqptOpmKT64sAi.2","action":"ProcessGetUpdates", "result":"Done", "context":{"dataType":"Autofill", "deleted":"0", "process_failed_to_decrypt":"0", "process_pending_decryption":"0", "process_success":"1", "total":"1"}}
{"logTime": "0324/192537", "correlationVector":"b19x5woEKqptOpmKT64sAi.3","action":"ProcessGetUpdates", "result":"Done", "context":{"dataType":"Extensions", "deleted":"0", "process_failed_to_decrypt":"0", "process_pending_decryption":"0", "process_success":"11", "total":"11"}}
{"logTime": "0324/192537", "correlationVector":"b19x5woEKqptOpmKT64sAi.4","action":"ProcessGetUpdates", "result":"Done", "context":{"dataType":"Sessions", "deleted":"2", "process_failed_to_decrypt":"0", "process_pending_decryption":"0", "process_success":"6", "total":"6"}}
{"logTime": "0324/192537", "correlationVector":"b19x5woEKqptOpmKT64sAi.5","action":"ProcessGetUpdates", "result":"Done", "context":{"dataType":"Extension settings", "deleted":"0", "process_failed_to_decrypt":"0", "process_pending_decryption":"0", "process_success":"4", "total":"4"}}
{"logTime": "0324/192537", "correlationVector":"b19x5woEKqptOpmKT64sAi.6","action":"GetUpdates Response", "result":"Success", "context":Received 22 update(s). cV=b19x5woEKqptOpmKT64sAi.0;server=akswtt00600003o;cloudType=Consumer;environment=Prod_centralus_prod-s01-068-nam-centralus;migrationStage=NotStarted}
{"logTime": "0324/192537", "correlationVector":"rT9Psb+fu7uBVBLSLM5Kv0","action":"Initial GetUpdates", "result":"", "context":Reason: NEWLY_SUPPORTED_DATATYPE. cV=rT9Psb+fu7uBVBLSLM5Kv0}
{"logTime": "0324/192537", "correlationVector":"rT9Psb+fu7uBVBLSLM5Kv0.1","action":"SyncServerConnectionManagerRequest", "result":"SYNC_SERVER_OK", "context":{"environment":"Prod_centralus_prod-s01-068-nam-centralus", "migrationStage":"NotStarted", "server":"akswtt00600001x"}}
{"logTime": "0324/192537", "correlationVector":"rT9Psb+fu7uBVBLSLM5Kv0.2","action":"ProcessGetUpdates", "result":"Done", "context":{"dataType":"History", "deleted":"0", "process_failed_to_decrypt":"0", "process_pending_decryption":"0", "process_success":"4", "total":"4"}}
{"logTime": "0324/192537", "correlationVector":"rT9Psb+fu7uBVBLSLM5Kv0.3","action":"GetUpdates Response", "result":"Success", "context":Received 4 update(s). cV=rT9Psb+fu7uBVBLSLM5Kv0.0;server=akswtt00600001x;cloudType=Consumer;environment=Prod_centralus_prod-s01-068-nam-centralus;migrationStage=NotStarted}
{"logTime": "0324/192537", "correlationVector":"uJ0lPLa7inpeG0RoRyLR1v","action":"Normal GetUpdate request", "result":"", "context":cV=uJ0lPLa7inpeG0RoRyLR1v
Nudged types: Sessions, Device Info, User Consents
Refresh requested types: Bookmarks, Preferences, Passwords, Autofill Profiles, Autofill, Extensions, Sessions, Extension settings, History Delete Directives, Device Info, User Consents, Send Tab To Self, Web Apps, History, Collection, Edge E Drop, Edge Hub App Usage, Edge Tab Group, Edge Wallet, Encryption Keys}
{"logTime": "0324/192537", "correlationVector":"uJ0lPLa7inpeG0RoRyLR1v.1","action":"SyncServerConnectionManagerRequest", "result":"SYNC_SERVER_OK", "context":{"environment":"Prod_centralus_prod-s01-068-nam-centralus", "migrationStage":"NotStarted", "server":"akswtt006000013"}}
{"logTime": "0324/192537", "correlationVector":"uJ0lPLa7inpeG0RoRyLR1v.2","action":"GetUpdates Response", "result":"Success", "context":Received 0 update(s). cV=uJ0lPLa7inpeG0RoRyLR1v.0;server=akswtt006000013;cloudType=Consumer;environment=Prod_centralus_prod-s01-068-nam-centralus;migrationStage=NotStarted}
{"logTime": "0324/192537", "correlationVector":"cDolrd+5Y6F5oLOqXICKiC","action":"DoCompareDataConsistency requsted types: ", "result":"Bookmarks, Preferences, Passwords, Extensions, Extension settings, History Delete Directives, Send Tab To Self, Web Apps, History, Collection, Edge E Drop, Edge Tab Group, Edge Wallet, Encryption Keys"}
{"logTime": "0324/192537", "correlationVector":"cDolrd+5Y6F5oLOqXICKiC.0","action":"CompareDataConsistency result: ", "result":"Compare result: Encryption Keys is consistent. local entities count is: 1 local entities hash is: NpQTUEYvVE1mWvowVeRaUGXrg3k="}
{"logTime": "0324/192537", "correlationVector":"cDolrd+5Y6F5oLOqXICKiC.1","action":"CompareDataConsistency result: ", "result":"Compare result: Bookmarks is consistent. local entities count is: 95 local entities hash is: O9P/2KVBdTgWOsU+BqEqVIzDrEw="}
{"logTime": "0324/192537", "correlationVector":"cDolrd+5Y6F5oLOqXICKiC.2","action":"CompareDataConsistency result: ", "result":"Compare result: Preferences is consistent. local entities count is: 70 local entities hash is: 39WLw4TTeaFx00/xiAUas+vqXQM="}
{"logTime": "0324/192537", "correlationVector":"cDolrd+5Y6F5oLOqXICKiC.3","action":"CompareDataConsistency result: ", "result":"Compare result: Extensions is consistent. local entities count is: 11 local entities hash is: WfPOKczDW1JUSBAcqlxb8f2Jf3o="}
{"logTime": "0324/192537", "correlationVector":"cDolrd+5Y6F5oLOqXICKiC.4","action":"CompareDataConsistency result: ", "result":"Compare result: Extension settings is consistent. local entities count is: 4 local entities hash is: HUIRBd71sakvzXdoq1RzUvF3eCk="}
{"logTime": "0324/192537", "correlationVector":"cDolrd+5Y6F5oLOqXICKiC.5","action":"CompareDataConsistency result: ", "result":"Compare result: History Delete Directives is consistent. local entities count is: 0 local entities hash is: "}
{"logTime": "0324/192537", "correlationVector":"cDolrd+5Y6F5oLOqXICKiC.6","action":"CompareDataConsistency result: ", "result":"Server did not send this Send Tab To Self local entities count is: 0 local entities hash is: "}
{"logTime": "0324/192537", "correlationVector":"cDolrd+5Y6F5oLOqXICKiC.7","action":"CompareDataConsistency result: ", "result":"Compare result: Web Apps is consistent. local entities count is: 0 local entities hash is: "}
{"logTime": "0324/192537", "correlationVector":"cDolrd+5Y6F5oLOqXICKiC.8","action":"CompareDataConsistency result: ", "result":"Server did not send this History local entities count is: 0 local entities hash is: "}
{"logTime": "0324/192537", "correlationVector":"cDolrd+5Y6F5oLOqXICKiC.9","action":"CompareDataConsistency result: ", "result":"Compare result: Collection is consistent. local entities count is: 0 local entities hash is: "}
{"logTime": "0324/192537", "correlationVector":"cDolrd+5Y6F5oLOqXICKiC.10","action":"CompareDataConsistency result: ", "result":"Compare result: Edge E Drop is consistent. local entities count is: 0 local entities hash is: "}
{"logTime": "0324/192537", "correlationVector":"cDolrd+5Y6F5oLOqXICKiC.11","action":"CompareDataConsistency result: ", "result":"Compare result: Edge Tab Group is consistent. local entities count is: 0 local entities hash is: "}
{"logTime": "0324/192537", "correlationVector":"cDolrd+5Y6F5oLOqXICKiC.12","action":"CompareDataConsistency result: ", "result":"Compare result: Edge Wallet is consistent. local entities count is: 0 local entities hash is: "}
{"logTime": "0324/192537", "correlationVector":"cDolrd+5Y6F5oLOqXICKiC.13","action":"CompareDataConsistency result: ", "result":"Compare result: Passwords is consistent. local entities count is: 278 local entities hash is: V5q4+OHTde+vKoM46eKAe7yPtj4="}
{"logTime": "0324/192537", "correlationVector":"kzewG2vjirL+6vmwp4NGQB","action":"Commit Request", "result":"", "context":Item count: 5
Contributing types: Sessions, Device Info, User Consents}
{"logTime": "0324/192538", "correlationVector":"kzewG2vjirL+6vmwp4NGQB.1","action":"SyncServerConnectionManagerRequest", "result":"SYNC_SERVER_OK", "context":{"environment":"Prod_centralus_prod-s01-068-nam-centralus", "migrationStage":"NotStarted", "server":"akswtt006000022"}}
{"logTime": "0324/192538", "correlationVector":"kzewG2vjirL+6vmwp4NGQB.2","action":"Commit Response", "result":"Success", "context":Result: Success. cV=kzewG2vjirL+6vmwp4NGQB.0;server=akswtt006000022;cloudType=Consumer;environment=Prod_centralus_prod-s01-068-nam-centralus;migrationStage=NotStarted}
{"logTime": "0324/192538", "correlationVector":"","action":"DIAGNOSTIC_REQUEST|v1/diagnosticData/Diagnostic.SendCheckResult()|SUCCESS", "result":""}
{"logTime": "0324/193718", "correlationVector":"nACxyP/wKZxR5nIxl59A9+.1","action":"SyncServerConnectionManagerRequest", "result":"SYNC_SERVER_OK", "context":{"environment":"Prod_centralus_prod-s01-068-nam-centralus", "migrationStage":"NotStarted", "server":"akswtt00600002l"}}
{"logTime": "0324/193718", "correlationVector":"nACxyP/wKZxR5nIxl59A9+.2","action":"ProcessGetUpdates", "result":"Done", "context":{"dataType":"Encryption Keys", "deleted":"0", "process_failed_to_decrypt":"0", "process_pending_decryption":"0", "process_success":"1", "total":"1"}}
{"logTime": "0324/193719", "correlationVector":"M4w8Vjp+0lo5bfRMcc2OZ3","action":"SyncServerConnectionManagerRequest", "result":"SYNC_SERVER_OK", "context":{"environment":"", "migrationStage":"", "server":""}}
{"logTime": "0324/193719", "correlationVector":"M4w8Vjp+0lo5bfRMcc2OZ3.0","action":"EncryptionKeysFetcher.DownloadKeys:", "result":"Success", "context":Key count: 9, Last key timestamp: 2025-01-22T17:06:07Z}
{"logTime": "0324/193719", "correlationVector":"M4w8Vjp+0lo5bfRMcc2OZ3.1","action":"EncryptionKeysManager::SetEncryptionKeys:", "result":"Success", "context":Key names[9]:[Dbe3yvbJ1ko2dkvq87cfI1uPogFlYU9cNiF/W+lAGe7V4yIoO+E7FOEiT1V1BwP8PA9bZI9X1VnUWUJcRMhx1A==][CnnoMnPtVUVAvEQ3jo70YgRsoVlpwUQfa+SNNmO+UJ7UiNoWgX6cJH5JTWNzEHKxw6jEa4XBjQXwb4+Cp6GaCA==][dDgoEDP1mNpb32rmO95quXep2yyYCCpJ8CkxzjMskyUngOlSMEgv3HulzvwHJGmZ+qusIV9IEnmv0wgfqY3lZw==][dEdrWM9arRfkGVZrD+Wu+aAJOeQmV8vyOwCmLN+ov+lqiBJUCSzcGYrP+gvOsZL5fKvaFcsuebEgpvaenkGWaw==][v3PAltu1gqd4jsB+sZvvj5yL8PDMqVDcl7k3HN9675qKyF04CkSyVmTFwrIKyKfYM4pMF582SHMAjiph3f0r5g==][pE5RY7URBBUr5apd6ZE3ETwc49/rLZtabb6aG2BZfcXwPYcUGH77IzUHGM/2ZpGHmFqqom+5H67c8idCq4Kf2Q==][+1v6Il70obE1jVZpTseTPMWWZOhLJTgN7lIVhsI392BZEKp5dVOoFVLAR2YfmxlwCzpuFBl3kz+3kLambVTIOw==][Fl37bW8HvV0Al/C/vyDFM8lWii+rpy8D82W9YggAUEy2LzQ18cAvUfZnX0nxV1hZeenLeUGJBLDFsZ7TipAetA==][BVF+432B4mWbEtA2bemEhbWa+sZ9KgRDvi2lvC0mZa9DwltXgZ95FgG7robtZvebxf77XCV+vh7SfJyK5oFUTw==]}
{"logTime": "0324/193719", "correlationVector":"M4w8Vjp+0lo5bfRMcc2OZ3.2","action":"EncryptionKeysManager::SetEncryptionKeysWithTimestamps:", "result":"Success", "context":Key timestamps[9]:[2020-06-23T14:17:19Z][2020-09-21T04:37:15Z][2023-02-14T21:25:48Z][2023-08-21T05:59:20Z][2024-04-01T17:01:15Z][2024-05-08T18:57:47Z][2024-05-17T01:13:26Z][2024-11-14T17:56:34Z][2025-01-22T17:06:07Z]}
{"logTime": "0324/193719", "correlationVector":"nACxyP/wKZxR5nIxl59A9+","action":"Initial GetUpdates", "result":"", "context":Reason: NEW_CLIENT. cV=nACxyP/wKZxR5nIxl59A9+}
{"logTime": "0324/193719", "correlationVector":"nACxyP/wKZxR5nIxl59A9+.3","action":"GetUpdates Response", "result":"Success", "context":Received 1 update(s). cV=nACxyP/wKZxR5nIxl59A9+.0;server=akswtt00600002l;cloudType=Consumer;environment=Prod_centralus_prod-s01-068-nam-centralus;migrationStage=NotStarted}
{"logTime": "0324/193719", "correlationVector":"95PElVvXgfF5YMSl5ADI4B","action":"Initial GetUpdates", "result":"", "context":Reason: NEWLY_SUPPORTED_DATATYPE. cV=95PElVvXgfF5YMSl5ADI4B}
{"logTime": "0324/193719", "correlationVector":"95PElVvXgfF5YMSl5ADI4B.1","action":"SyncServerConnectionManagerRequest", "result":"SYNC_SERVER_OK", "context":{"environment":"Prod_centralus_prod-s01-068-nam-centralus", "migrationStage":"NotStarted", "server":"akswtt006000002"}}
{"logTime": "0324/193719", "correlationVector":"95PElVvXgfF5YMSl5ADI4B.2","action":"ProcessGetUpdates", "result":"Done", "context":{"dataType":"Passwords", "deleted":"0", "process_failed_to_decrypt":"0", "process_pending_decryption":"0", "process_success":"250", "total":"250"}}
{"logTime": "0324/193719", "correlationVector":"95PElVvXgfF5YMSl5ADI4B.3","action":"GetUpdates Response", "result":"Success", "context":Received 250 update(s). cV=95PElVvXgfF5YMSl5ADI4B.0;server=akswtt006000002;cloudType=Consumer;environment=Prod_centralus_prod-s01-068-nam-centralus;migrationStage=NotStarted Some updates remain.}
{"logTime": "0324/193719", "correlationVector":"JBmIj04xtiepVYEfu70JPb","action":"Initial GetUpdates", "result":"", "context":Reason: NEWLY_SUPPORTED_DATATYPE. cV=JBmIj04xtiepVYEfu70JPb}
{"logTime": "0324/193719", "correlationVector":"JBmIj04xtiepVYEfu70JPb.1","action":"SyncServerConnectionManagerRequest", "result":"SYNC_SERVER_OK", "context":{"environment":"Prod_centralus_prod-s01-068-nam-centralus", "migrationStage":"NotStarted", "server":"akswtt006000018"}}
{"logTime": "0324/193719", "correlationVector":"JBmIj04xtiepVYEfu70JPb.2","action":"ProcessGetUpdates", "result":"Done", "context":{"dataType":"Passwords", "deleted":"0", "process_failed_to_decrypt":"0", "process_pending_decryption":"0", "process_success":"28", "total":"28"}}
{"logTime": "0324/193719", "correlationVector":"JBmIj04xtiepVYEfu70JPb.3","action":"GetUpdates Response", "result":"Success", "context":Received 28 update(s). cV=JBmIj04xtiepVYEfu70JPb.0;server=akswtt006000018;cloudType=Consumer;environment=Prod_centralus_prod-s01-068-nam-centralus;migrationStage=NotStarted}
{"logTime": "0324/193719", "correlationVector":"xUBD727N45aMZMlkAOglPp","action":"Normal GetUpdate request", "result":"", "context":cV=xUBD727N45aMZMlkAOglPp
Nudged types: Sessions, History
Refresh requested types: Bookmarks, Preferences, Passwords, Autofill Profiles, Autofill, Extensions, Sessions, Extension settings, History Delete Directives, Device Info, User Consents, Send Tab To Self, Web Apps, History, Collection, Edge E Drop, Edge Hub App Usage, Edge Tab Group, Edge Wallet, Encryption Keys}
{"logTime": "0324/193719", "correlationVector":"xUBD727N45aMZMlkAOglPp.1","action":"SyncServerConnectionManagerRequest", "result":"SYNC_SERVER_OK", "context":{"environment":"Prod_centralus_prod-s01-068-nam-centralus", "migrationStage":"NotStarted", "server":"akswtt00600001z"}}
{"logTime": "0324/193719", "correlationVector":"xUBD727N45aMZMlkAOglPp.2","action":"ProcessGetUpdates", "result":"Done", "context":{"dataType":"Sessions", "deleted":"0", "process_failed_to_decrypt":"0", "process_pending_decryption":"0", "process_success":"2", "total":"2"}}
{"logTime": "0324/193719", "correlationVector":"xUBD727N45aMZMlkAOglPp.3","action":"ProcessGetUpdates", "result":"Done", "context":{"dataType":"Device Info", "deleted":"0", "process_failed_to_decrypt":"0", "process_pending_decryption":"0", "process_success":"1", "total":"1"}}
{"logTime": "0324/193719", "correlationVector":"xUBD727N45aMZMlkAOglPp.4","action":"GetUpdates Response", "result":"Success", "context":Received 3 update(s). cV=xUBD727N45aMZMlkAOglPp.0;server=akswtt00600001z;cloudType=Consumer;environment=Prod_centralus_prod-s01-068-nam-centralus;migrationStage=NotStarted}
{"logTime": "0324/193720", "correlationVector":"bD1tfHkmStjD3Y6JC2fDzn","action":"Commit Request", "result":"", "context":Item count: 4
Contributing types: Sessions, History}
{"logTime": "0324/193721", "correlationVector":"bD1tfHkmStjD3Y6JC2fDzn.1","action":"SyncServerConnectionManagerRequest", "result":"SYNC_SERVER_OK", "context":{"environment":"Prod_centralus_prod-s01-068-nam-centralus", "migrationStage":"NotStarted", "server":"akswtt00600002e"}}
{"logTime": "0324/193721", "correlationVector":"bD1tfHkmStjD3Y6JC2fDzn.2","action":"Commit Response", "result":"Success", "context":Result: Success. cV=bD1tfHkmStjD3Y6JC2fDzn.0;server=akswtt00600002e;cloudType=Consumer;environment=Prod_centralus_prod-s01-068-nam-centralus;migrationStage=NotStarted}
{"logTime": "0324/193721", "correlationVector":"bD1tfHkmStjD3Y6JC2fDzn.3","action":"Commit.Sessions", "result":"Success", "context":{"id":"91a5f557-9bc6-4275-8a3f-96a7e1734274", "isDeleted":"true", "size":"0", "version":"1742844338415"}}
{"logTime": "0324/193749", "correlationVector":"cw3hQJa2mcT7pt32GHkRYw","action":"Commit Request", "result":"", "context":Item count: 3
Contributing types: Preferences, Sessions, History}
{"logTime": "0324/193749", "correlationVector":"cw3hQJa2mcT7pt32GHkRYw.1","action":"SyncServerConnectionManagerRequest", "result":"SYNC_SERVER_OK", "context":{"environment":"Prod_centralus_prod-s01-068-nam-centralus", "migrationStage":"NotStarted", "server":"akswtt00600003i"}}
{"logTime": "0324/193749", "correlationVector":"cw3hQJa2mcT7pt32GHkRYw.2","action":"Commit Response", "result":"Success", "context":Result: Success. cV=cw3hQJa2mcT7pt32GHkRYw.0;server=akswtt00600003i;cloudType=Consumer;environment=Prod_centralus_prod-s01-068-nam-centralus;migrationStage=NotStarted}
