Flutter crash report.
Please report a bug at https://github.com/flutter/flutter/issues.

## command

flutter run --debug

## exception

RPCError: ext.flutter.inspector.show: (-32603) Unexpected DWDS error for callServiceExtension: WipError -32000 Promise was collected

```
#0      new _OutstandingRequest (package:vm_service/src/vm_service.dart:265:34)
#1      VmService._call.<anonymous closure> (package:vm_service/src/vm_service.dart:1921:25)
#2      VmService._call (package:vm_service/src/vm_service.dart:1933:8)
#3      VmService.callServiceExtension (package:vm_service/src/vm_service.dart:1872:14)
#4      FlutterVmService._checkedCallServiceExtension (package:flutter_tools/src/vmservice.dart:889:28)
#5      FlutterVmService.invokeFlutterExtensionRpcRaw (package:flutter_tools/src/vmservice.dart:909:49)
#6      FlutterVmService._flutterToggle (package:flutter_tools/src/vmservice.dart:704:21)
<asynchronous suspension>
#7      ResidentHandlers.debugToggleWidgetInspector (package:flutter_tools/src/resident_runner.dart:826:9)
<asynchronous suspension>
#8      TerminalHandler.processTerminalInput (package:flutter_tools/src/resident_runner.dart:1786:7)
<asynchronous suspension>
```

## flutter doctor

```
[32m[✓][39m Flutter (Channel stable,
    3.27.4, on Microsoft Windows
    [Version 10.0.22631.4890],
    locale en-US)
    [32m•[39m Flutter version 3.27.4 on
      channel stable at
      F:\FlutterSDK\flutter
    [32m•[39m Upstream repository
      https://github.com/flutter/
      flutter.git
    [32m•[39m Framework revision
      d8a9f9a52e (5 weeks ago),
      2025-01-31 16:07:18 -0500
    [32m•[39m Engine revision 82bd5b7209
    [32m•[39m Dart version 3.6.2
    [32m•[39m DevTools version 2.40.3

[32m[✓][39m Windows Version (Installed version of Windows is version 10 or higher)

[32m[✓][39m Android toolchain - develop for Android devices (Android SDK version 35.0.1)
    [32m•[39m Android SDK at C:\Users\colto\AppData\Local\Android\sdk
    [32m•[39m Platform android-35, build-tools 35.0.1
    [32m•[39m Java binary at: F:\Android Studio\jbr\bin\java
    [32m•[39m Java version OpenJDK Runtime Environment (build 21.0.4+-12508038-b607.1)
    [32m•[39m All Android licenses accepted.

[31m[✗][39m Chrome - develop for the web (Cannot find Chrome executable at
    .\Google\Chrome\Application\chrome.exe)
    [33m![39m Cannot find Chrome. Try setting CHROME_EXECUTABLE to a Chrome executable.

[33m[!][39m Visual Studio - develop Windows apps (Visual Studio Build Tools 2022 17.10.0)
    [32m•[39m Visual Studio at C:\Program Files (x86)\Microsoft Visual Studio\2022\BuildTools
    [32m•[39m Visual Studio Build Tools 2022 version 17.10.34916.146
    [31m✗[39m Visual Studio is missing necessary components. Please re-run the Visual Studio
      installer for the "Desktop development with C++" workload, and include these
      components:
        MSVC v142 - VS 2019 C++ x64/x86 build tools
         - If there are multiple build tool versions available, install the latest
        C++ CMake tools for Windows
        Windows 10 SDK

[32m[✓][39m Android Studio (version 2024.2)
    [32m•[39m Android Studio at F:\Android Studio
    [32m•[39m Flutter plugin can be installed from:
      🔨 https://plugins.jetbrains.com/plugin/9212-flutter
    [32m•[39m Dart plugin can be installed from:
      🔨 https://plugins.jetbrains.com/plugin/6351-dart
    [32m•[39m Java version OpenJDK Runtime Environment (build 21.0.4+-12508038-b607.1)

[32m[✓][39m Connected device (2 available)
    [32m•[39m Windows (desktop) • windows • windows-x64    • Microsoft Windows [Version
      10.0.22631.4890]
    [32m•[39m Edge (web)        • edge    • web-javascript • Microsoft Edge 133.0.3065.92

[32m[✓][39m Network resources
    [32m•[39m All expected network resources are available.

[33m![39m Doctor found issues in 2 categories.
```
